// Jest Snapshot v1, https://goo.gl/fbAQLP

exports[`The application-review page It matches the last accepted Snapshot 1`] = `
<Relay(DefaultLayout)
  allowedGroups={
    Array [
      "Incentive Analyst",
    ]
  }
  session={
    Object {
      " $fragmentRefs": Object {
        "defaultLayout_session": true,
      },
    }
  }
  width="wide"
>
  <Relay(ApplicationRevisionStatusComponent)
    applicationRevisionStatus={
      Object {
        " $fragmentRefs": Object {
          "ApplicationRevisionStatusContainer_applicationRevisionStatus": true,
        },
      }
    }
    applicationRowId={1}
  />
  <hr
    className="jsx-1070550671"
  />
  <ForwardRef
    className="application-container"
    noGutters={false}
  >
    <Col
      className="application-body"
      md={8}
    >
      <Relay(ApplicationDetailsComponent)
        application={
          Object {
            " $fragmentRefs": Object {
              "ApplicationDetailsContainer_application": true,
            },
            "applicationRevisionStatus": Object {
              " $fragmentRefs": Object {
                "ApplicationRevisionStatusContainer_applicationRevisionStatus": true,
              },
            },
            "orderedFormResults": Object {
              "edges": Array [
                Object {
                  "node": Object {
                    " $fragmentRefs": Object {
                      "ApplicationCommentsContainer_formResult": true,
                    },
                    "id": "abc",
                  },
                },
              ],
            },
            "rowId": 1,
          }
        }
        query={
          Object {
            " $fragmentRefs": Object {
              "ApplicationDetailsContainer_query": true,
              "IncentiveCalculatorContainer_query": true,
            },
            "application": Object {
              " $fragmentRefs": Object {
                "ApplicationDetailsContainer_application": true,
              },
              "applicationRevisionStatus": Object {
                " $fragmentRefs": Object {
                  "ApplicationRevisionStatusContainer_applicationRevisionStatus": true,
                },
              },
              "orderedFormResults": Object {
                "edges": Array [
                  Object {
                    "node": Object {
                      " $fragmentRefs": Object {
                        "ApplicationCommentsContainer_formResult": true,
                      },
                      "id": "abc",
                    },
                  },
                ],
              },
              "rowId": 1,
            },
            "session": Object {
              " $fragmentRefs": Object {
                "defaultLayout_session": true,
              },
            },
          }
        }
        review={true}
      />
      <Relay(IncentiveCalculator)
        query={
          Object {
            " $fragmentRefs": Object {
              "ApplicationDetailsContainer_query": true,
              "IncentiveCalculatorContainer_query": true,
            },
            "application": Object {
              " $fragmentRefs": Object {
                "ApplicationDetailsContainer_application": true,
              },
              "applicationRevisionStatus": Object {
                " $fragmentRefs": Object {
                  "ApplicationRevisionStatusContainer_applicationRevisionStatus": true,
                },
              },
              "orderedFormResults": Object {
                "edges": Array [
                  Object {
                    "node": Object {
                      " $fragmentRefs": Object {
                        "ApplicationCommentsContainer_formResult": true,
                      },
                      "id": "abc",
                    },
                  },
                ],
              },
              "rowId": 1,
            },
            "session": Object {
              " $fragmentRefs": Object {
                "defaultLayout_session": true,
              },
            },
          }
        }
      />
    </Col>
    <Col
      className="application-comments"
      md={4}
    >
      <Relay(ApplicationCommentsComponent)
        formResult={
          Object {
            " $fragmentRefs": Object {
              "ApplicationCommentsContainer_formResult": true,
            },
            "id": "abc",
          }
        }
        key="abc"
        review={true}
      />
    </Col>
  </ForwardRef>
  <JSXStyle
    id="1070550671"
  >
    .container.jsx-1070550671{display:none;}
  </JSXStyle>
</Relay(DefaultLayout)>
`;
