// Jest Snapshot v1, https://goo.gl/fbAQLP

exports[`It matches the last accepted Snapshot 1`] = `
<Relay(DefaultLayout)
  allowedGroups={
    Array [
      "User",
    ]
  }
  session={
    Object {
      " $fragmentRefs": Object {
        "defaultLayout_session": true,
      },
    }
  }
  showSubheader={true}
  title="Summary of your application"
>
  <ForwardRef
    noGutters={false}
  >
    <Col
      md={8}
    >
      <Relay(ApplicationDetailsComponent)
        application={
          Object {
            " $fragmentRefs": Object {
              "ApplicationDetailsContainer_application": true,
              "ReviseApplicationButtonContainer_application": true,
            },
            "applicationRevisionStatus": Object {
              "applicationRevisionStatus": "SUBMITTED",
            },
            "orderedFormResults": Object {
              "edges": Array [
                Object {
                  "node": Object {
                    " $fragmentRefs": Object {
                      "ApplicationCommentsContainer_formResult": true,
                    },
                    "id": "abc",
                  },
                },
              ],
            },
          }
        }
        query={
          Object {
            " $fragmentRefs": Object {
              "ApplicationDetailsContainer_query": true,
            },
            "application": Object {
              " $fragmentRefs": Object {
                "ApplicationDetailsContainer_application": true,
                "ReviseApplicationButtonContainer_application": true,
              },
              "applicationRevisionStatus": Object {
                "applicationRevisionStatus": "SUBMITTED",
              },
              "orderedFormResults": Object {
                "edges": Array [
                  Object {
                    "node": Object {
                      " $fragmentRefs": Object {
                        "ApplicationCommentsContainer_formResult": true,
                      },
                      "id": "abc",
                    },
                  },
                ],
              },
            },
            "session": Object {
              " $fragmentRefs": Object {
                "defaultLayout_session": true,
              },
            },
          }
        }
        review={false}
      />
    </Col>
    <Col
      md={4}
    >
      <Relay(ApplicationCommentsComponent)
        formResult={
          Object {
            " $fragmentRefs": Object {
              "ApplicationCommentsContainer_formResult": true,
            },
            "id": "abc",
          }
        }
        key="abc"
        review={false}
      />
    </Col>
  </ForwardRef>
  <ForwardRef
    noGutters={false}
  />
</Relay(DefaultLayout)>
`;
