// Jest Snapshot v1, https://goo.gl/fbAQLP

exports[`user profile matches snapshot 1`] = `
<Relay(DefaultLayout)>
  <Relay(UserProfile)
    user={null}
  />
</Relay(DefaultLayout)>
`;
