// Jest Snapshot v1, https://goo.gl/fbAQLP

exports[`The AddCommentField component Should match the snapshot 1`] = `
<Fragment>
  <JSXStyle
    id="2736636148"
  >
    .title.jsx-2736636148,.report-field.jsx-2736636148 .controls.jsx-2736636148{display:-webkit-box;display:-webkit-flex;display:-ms-flexbox;display:flex;width:100%;-webkit-box-pack:end;-webkit-justify-content:flex-end;-ms-flex-pack:end;justify-content:flex-end;-webkit-align-items:center;-webkit-box-align:center;-ms-flex-align:center;align-items:center;}.report-field.jsx-2736636148 .controls.jsx-2736636148{margin-top:16px;}.report-field.jsx-2736636148{background-color:#fcf8e2;border:1px solid #ccc;border-radius:4px;padding:16px;margin-top:16px;}
  </JSXStyle>
  <span
    className="jsx-2736636148 title"
  >
    <Button
      active={false}
      disabled={false}
      onClick={[Function]}
      variant="link"
    >
      <FontAwesomeIcon
        border={false}
        className=""
        fixedWidth={false}
        flip={null}
        icon={
          Object {
            "icon": Array [
              512,
              512,
              Array [],
              "f27a",
              "M448 0H64C28.7 0 0 28.7 0 64v288c0 35.3 28.7 64 64 64h96v84c0 9.8 11.2 15.5 19.1 9.7L304 416h144c35.3 0 64-28.7 64-64V64c0-35.3-28.7-64-64-64z",
            ],
            "iconName": "comment-alt",
            "prefix": "fas",
          }
        }
        inverse={false}
        listItem={false}
        mask={null}
        pull={null}
        pulse={false}
        rotation={null}
        size={null}
        spin={false}
        swapOpacity={false}
        symbol={false}
        title=""
        transform={null}
      />
      Â 
      Edit comment
    </Button>
  </span>
  <div
    className="jsx-2736636148 report-field"
  >
    <legend
      className="jsx-2736636148"
    >
      CIIP Application Comment
    </legend>
    <p
      className="jsx-2736636148"
    >
      This area is only for leaving a comment regarding the data that you reported on this page. This comment will be visible by the person reviewing this CIIP application once the application is submitted.
    </p>
    <p
      className="jsx-2736636148"
    >
      For any technical issue, or to review documentation, please click on the help bubble in the bottom right of your screen.
    </p>
    <FormControl
      as="textarea"
      onChange={[Function]}
      rows={8}
      value="Some text"
    />
    <div
      className="jsx-2736636148 controls"
    >
      <Button
        active={false}
        disabled={false}
        onClick={[Function]}
        variant="outline-dark"
      >
        Cancel
      </Button>
      <Button
        active={false}
        disabled={false}
        onClick={[Function]}
        style={
          Object {
            "marginLeft": 16,
          }
        }
        variant="success"
      >
        Save Comment
      </Button>
    </div>
  </div>
</Fragment>
`;
