// Jest Snapshot v1, https://goo.gl/fbAQLP

exports[`ApplicationList should render the application list 1`] = `
<SearchTableLayoutComponent
  body={
    <tbody>
      <Relay(ApplicationRowItem)
        applicationSearchResult={
          Object {
            "id": "ciip-application-1",
            "rowId": "1",
          }
        }
      />
    </tbody>
  }
  displayNameToColumnNameMap={
    Object {
      "": null,
      "Application Id": "application_id",
      "Facility Name": "facility_name",
      "Operator Name": "operator_name",
      "Reporting Year": "reporting_year",
      "Status": "application_revision_status",
      "Submission Date": "submission_date",
    }
  }
/>
`;
