// Jest Snapshot v1, https://goo.gl/fbAQLP

exports[`ApplicationDetailsComponent should match the snapshot with the ApplicationDetails component 1`] = `
<Fragment>
  <Row
    noGutters={false}
  >
    <Col
      md={
        Object {
          "offset": 2,
        }
      }
    />
  </Row>
  <br
    className="jsx-2472284510"
  />
  <div
    className="jsx-2472284510"
  >
    <Relay(ApplicationDetailsCardItemComponent)
      diffToResults={
        Array [
          Object {
            "node": Object {
              "formJsonByFormId": Object {
                "slug": "admin",
              },
              "formResult": null,
              "id": "abc",
              "versionNumber": 2,
            },
          },
        ]
      }
      formResult={
        Object {
          " $fragmentRefs": Object {
            "ApplicationDetailsCardItem_formResult": true,
          },
          "id": "WyJmb3JtX3Jlc3VsdHMiLDExXQ==",
          "versionNumber": 2,
        }
      }
      key="WyJmb3JtX3Jlc3VsdHMiLDExXQ=="
      liveValidate={false}
      query={
        Object {
          " $fragmentRefs": Object {
            "ApplicationDetailsCardItem_query": true,
          },
        }
      }
      review={false}
      showDiff={false}
    />
  </div>
  <JSXStyle
    id="2472284510"
  >
    @media print{header .header-right,#navbar,footer{display:none !important;}}
  </JSXStyle>
</Fragment>
`;
