// Jest Snapshot v1, https://goo.gl/fbAQLP

exports[`ApplicationList should render the application list 1`] = `
<Fragment>
  <SearchTableLayoutComponent
    dropdownSortItems={
      Array [
        Object {
          "eventKey": "id",
          "title": "Application ID",
        },
        Object {
          "eventKey": "operator_name",
          "title": "Operator Name",
        },
        Object {
          "eventKey": "facility_name",
          "title": "Facility Name",
        },
        Object {
          "eventKey": "submission_date",
          "title": "Submission Date",
        },
        Object {
          "eventKey": "application_status",
          "title": "Status",
        },
      ]
    }
  />
  <br />
  <br />
  <Bootstrap(Table)
    bordered={true}
    hover={true}
    striped={true}
    style={
      Object {
        "textAlign": "center",
      }
    }
  >
    <thead>
      <tr>
        <th>
          Application ID
        </th>
        <th>
          Operator Name
        </th>
        <th>
          Facility Name
        </th>
        <th>
          Submitted
        </th>
        <th>
          Status
        </th>
        <th />
      </tr>
    </thead>
    <tbody>
      <Relay(ApplicationRowItem)
        ciipApplication={
          Object {
            "id": "ciip-application-1",
          }
        }
        key="ciip-application-1"
      />
    </tbody>
  </Bootstrap(Table)>
</Fragment>
`;
