// Jest Snapshot v1, https://goo.gl/fbAQLP

exports[`It matches the last accepted Snapshot 1`] = `
<DefaultLayout>
  <Relay(ApplicationWizard) />
</DefaultLayout>
`;
