// Jest Snapshot v1, https://goo.gl/fbAQLP

exports[`It matches the last accepted Snapshot 1`] = `
<Fragment>
  <Header />
  <Container
    fluid={false}
  >
    <Jumbotron
      fluid={false}
    >
      <h3>
        Hello, Hamza!
      </h3>
      <br />
      <p
        id="welcome-message"
      >
        Welcome to your CleanBC Industrial Incentives Program (CIIP) Portal. This is where all your dreams come true. Not only do you get loads of money, you basically get it for being an amazing person! You may now take a moment to let that CIIP in. 
        âœ¨
      </p>
      <br />
      <ButtonToolbar
        role="toolbar"
      >
        <FormPicker
          handleFormId={[Function]}
        />
      </ButtonToolbar>
    </Jumbotron>
    <FormLoaderContainer
      formId={1}
    />
  </Container>
  <br />
  <br />
  <br />
</Fragment>
`;
