// Jest Snapshot v1, https://goo.gl/fbAQLP

exports[`Product Creator should match the last usable snapshot 1`] = `
Object {
  "asFragment": [Function],
  "baseElement": <body>
    <div>
      <div>
        <form
          class=""
        >
          <div
            class="form-row"
          >
            <div
              class="form-group col-md-4"
            >
              <label
                class="form-label"
                for="product_name"
              >
                Product Name
              </label>
              <input
                class="form-control"
                id="product_name"
                placeholder=""
                required=""
                type="text"
              />
            </div>
            <div
              class="form-group col-md-8"
            >
              <label
                class="form-label"
                for="product_description"
              >
                Product Description
              </label>
              <input
                class="form-control"
                id="product_description"
                placeholder=""
                required=""
                type="textbox"
              />
            </div>
          </div>
          <button
            class="btn btn-primary"
            type="submit"
          >
            Create Product
          </button>
        </form>
      </div>
    </div>
  </body>,
  "container": <div>
    <div>
      <form
        class=""
      >
        <div
          class="form-row"
        >
          <div
            class="form-group col-md-4"
          >
            <label
              class="form-label"
              for="product_name"
            >
              Product Name
            </label>
            <input
              class="form-control"
              id="product_name"
              placeholder=""
              required=""
              type="text"
            />
          </div>
          <div
            class="form-group col-md-8"
          >
            <label
              class="form-label"
              for="product_description"
            >
              Product Description
            </label>
            <input
              class="form-control"
              id="product_description"
              placeholder=""
              required=""
              type="textbox"
            />
          </div>
        </div>
        <button
          class="btn btn-primary"
          type="submit"
        >
          Create Product
        </button>
      </form>
    </div>
  </div>,
  "debug": [Function],
  "findAllByAltText": [Function],
  "findAllByDisplayValue": [Function],
  "findAllByLabelText": [Function],
  "findAllByPlaceholderText": [Function],
  "findAllByRole": [Function],
  "findAllByTestId": [Function],
  "findAllByText": [Function],
  "findAllByTitle": [Function],
  "findByAltText": [Function],
  "findByDisplayValue": [Function],
  "findByLabelText": [Function],
  "findByPlaceholderText": [Function],
  "findByRole": [Function],
  "findByTestId": [Function],
  "findByText": [Function],
  "findByTitle": [Function],
  "getAllByAltText": [Function],
  "getAllByDisplayValue": [Function],
  "getAllByLabelText": [Function],
  "getAllByPlaceholderText": [Function],
  "getAllByRole": [Function],
  "getAllByTestId": [Function],
  "getAllByText": [Function],
  "getAllByTitle": [Function],
  "getByAltText": [Function],
  "getByDisplayValue": [Function],
  "getByLabelText": [Function],
  "getByPlaceholderText": [Function],
  "getByRole": [Function],
  "getByTestId": [Function],
  "getByText": [Function],
  "getByTitle": [Function],
  "queryAllByAltText": [Function],
  "queryAllByDisplayValue": [Function],
  "queryAllByLabelText": [Function],
  "queryAllByPlaceholderText": [Function],
  "queryAllByRole": [Function],
  "queryAllByTestId": [Function],
  "queryAllByText": [Function],
  "queryAllByTitle": [Function],
  "queryByAltText": [Function],
  "queryByDisplayValue": [Function],
  "queryByLabelText": [Function],
  "queryByPlaceholderText": [Function],
  "queryByRole": [Function],
  "queryByTestId": [Function],
  "queryByText": [Function],
  "queryByTitle": [Function],
  "rerender": [Function],
  "unmount": [Function],
}
`;
