// Jest Snapshot v1, https://goo.gl/fbAQLP

exports[`HelpButton as an external user (closed) matches the last accepted snapshot 1`] = `
Array [
  <button
    aria-label="Click for help options"
    className="jsx-327948841"
    id="help-button"
    onClick={[Function]}
    type="button"
  >
    <svg
      aria-hidden="true"
      className="svg-inline--fa fa-comments fa-w-18 "
      color="white"
      data-icon="comments"
      data-prefix="fas"
      focusable="false"
      role="img"
      style={
        Object {
          "height": "2.2em",
          "width": "2.5em",
        }
      }
      viewBox="0 0 576 512"
      xmlns="http://www.w3.org/2000/svg"
    >
      <path
        d="M416 192c0-88.4-93.1-160-208-160S0 103.6 0 192c0 34.3 14.1 65.9 38 92-13.4 30.2-35.5 54.2-35.8 54.5-2.2 2.3-2.8 5.7-1.5 8.7S4.8 352 8 352c36.6 0 66.9-12.3 88.7-25 32.2 15.7 70.3 25 111.3 25 114.9 0 208-71.6 208-160zm122 220c23.9-26 38-57.7 38-92 0-66.9-53.5-124.2-129.3-148.1.9 6.6 1.3 13.3 1.3 20.1 0 105.9-107.7 192-240 192-10.8 0-21.3-.8-31.7-1.9C207.8 439.6 281.8 480 368 480c41 0 79.1-9.2 111.3-25 21.8 12.7 52.1 25 88.7 25 3.2 0 6.1-1.9 7.3-4.8 1.3-2.9.7-6.3-1.5-8.7-.3-.3-22.4-24.2-35.8-54.5z"
        fill="currentColor"
        style={Object {}}
      />
    </svg>
    <svg
      aria-hidden="true"
      className="svg-inline--fa fa-question fa-w-12 fa-sm "
      data-icon="question"
      data-prefix="fas"
      focusable="false"
      role="img"
      style={
        Object {
          "left": "33%",
          "position": "absolute",
          "top": "29%",
        }
      }
      viewBox="0 0 384 512"
      xmlns="http://www.w3.org/2000/svg"
    >
      <path
        d="M202.021 0C122.202 0 70.503 32.703 29.914 91.026c-7.363 10.58-5.093 25.086 5.178 32.874l43.138 32.709c10.373 7.865 25.132 6.026 33.253-4.148 25.049-31.381 43.63-49.449 82.757-49.449 30.764 0 68.816 19.799 68.816 49.631 0 22.552-18.617 34.134-48.993 51.164-35.423 19.86-82.299 44.576-82.299 106.405V320c0 13.255 10.745 24 24 24h72.471c13.255 0 24-10.745 24-24v-5.773c0-42.86 125.268-44.645 125.268-160.627C377.504 66.256 286.902 0 202.021 0zM192 373.459c-38.196 0-69.271 31.075-69.271 69.271 0 38.195 31.075 69.27 69.271 69.27s69.271-31.075 69.271-69.271-31.075-69.27-69.271-69.27z"
        fill="currentColor"
        style={Object {}}
      />
    </svg>
  </button>,
  "",
]
`;

exports[`HelpButton as an external user (opened) matches the last accepted snapshot 1`] = `
Array [
  <div
    className="jsx-327948841"
    id="help-bubble"
  >
    <ul
      className="jsx-327948841"
    >
      <li
        className="jsx-327948841"
      >
        <span
          aria-hidden="true"
          className="jsx-327948841"
          role="img"
        >
          üìñ
        </span>
        <a
          href="https://github.com/bcgov/cas-ciip-portal/blob/master/docs/reporting-guide.md"
          rel="noopener noreferrer"
          target="_blank"
        >
          See the help documentation
        </a>
      </li>
      <li
        className="jsx-327948841"
      >
        OR
      </li>
      <li
        className="jsx-327948841"
      >
        <span
          aria-hidden="true"
          className="jsx-327948841"
          role="img"
        >
          ‚úâÔ∏è
        </span>
        <a
          href="/resources/contact"
          onClick={[Function]}
          onMouseEnter={[Function]}
          rel="noopener noreferrer"
          target="_blank"
        >
          Contact us to request specific assistance
        </a>
      </li>
    </ul>
    <span
      className="jsx-327948841 triangle"
    >
      ‚ó•
    </span>
  </div>,
  <button
    aria-label="Click for help options"
    className="jsx-327948841"
    id="help-button"
    onClick={[Function]}
    type="button"
  >
    <svg
      aria-hidden="true"
      className="svg-inline--fa fa-times fa-w-11 fa-lg "
      color="white"
      data-icon="times"
      data-prefix="fas"
      focusable="false"
      role="img"
      style={Object {}}
      viewBox="0 0 352 512"
      xmlns="http://www.w3.org/2000/svg"
    >
      <path
        d="M242.72 256l100.07-100.07c12.28-12.28 12.28-32.19 0-44.48l-22.24-22.24c-12.28-12.28-32.19-12.28-44.48 0L176 189.28 75.93 89.21c-12.28-12.28-32.19-12.28-44.48 0L9.21 111.45c-12.28 12.28-12.28 32.19 0 44.48L109.28 256 9.21 356.07c-12.28 12.28-12.28 32.19 0 44.48l22.24 22.24c12.28 12.28 32.2 12.28 44.48 0L176 322.72l100.07 100.07c12.28 12.28 32.2 12.28 44.48 0l22.24-22.24c12.28-12.28 12.28-32.19 0-44.48L242.72 256z"
        fill="currentColor"
        style={Object {}}
      />
    </svg>
  </button>,
  "",
]
`;

exports[`HelpButton as an internal user (closed) matches the last accepted snapshot 1`] = `
Array [
  <button
    aria-label="Click for help options"
    className="jsx-327948841"
    id="help-button"
    onClick={[Function]}
    type="button"
  >
    <svg
      aria-hidden="true"
      className="svg-inline--fa fa-comments fa-w-18 "
      color="white"
      data-icon="comments"
      data-prefix="fas"
      focusable="false"
      role="img"
      style={
        Object {
          "height": "2.2em",
          "width": "2.5em",
        }
      }
      viewBox="0 0 576 512"
      xmlns="http://www.w3.org/2000/svg"
    >
      <path
        d="M416 192c0-88.4-93.1-160-208-160S0 103.6 0 192c0 34.3 14.1 65.9 38 92-13.4 30.2-35.5 54.2-35.8 54.5-2.2 2.3-2.8 5.7-1.5 8.7S4.8 352 8 352c36.6 0 66.9-12.3 88.7-25 32.2 15.7 70.3 25 111.3 25 114.9 0 208-71.6 208-160zm122 220c23.9-26 38-57.7 38-92 0-66.9-53.5-124.2-129.3-148.1.9 6.6 1.3 13.3 1.3 20.1 0 105.9-107.7 192-240 192-10.8 0-21.3-.8-31.7-1.9C207.8 439.6 281.8 480 368 480c41 0 79.1-9.2 111.3-25 21.8 12.7 52.1 25 88.7 25 3.2 0 6.1-1.9 7.3-4.8 1.3-2.9.7-6.3-1.5-8.7-.3-.3-22.4-24.2-35.8-54.5z"
        fill="currentColor"
        style={Object {}}
      />
    </svg>
    <svg
      aria-hidden="true"
      className="svg-inline--fa fa-question fa-w-12 fa-sm "
      data-icon="question"
      data-prefix="fas"
      focusable="false"
      role="img"
      style={
        Object {
          "left": "33%",
          "position": "absolute",
          "top": "29%",
        }
      }
      viewBox="0 0 384 512"
      xmlns="http://www.w3.org/2000/svg"
    >
      <path
        d="M202.021 0C122.202 0 70.503 32.703 29.914 91.026c-7.363 10.58-5.093 25.086 5.178 32.874l43.138 32.709c10.373 7.865 25.132 6.026 33.253-4.148 25.049-31.381 43.63-49.449 82.757-49.449 30.764 0 68.816 19.799 68.816 49.631 0 22.552-18.617 34.134-48.993 51.164-35.423 19.86-82.299 44.576-82.299 106.405V320c0 13.255 10.745 24 24 24h72.471c13.255 0 24-10.745 24-24v-5.773c0-42.86 125.268-44.645 125.268-160.627C377.504 66.256 286.902 0 202.021 0zM192 373.459c-38.196 0-69.271 31.075-69.271 69.271 0 38.195 31.075 69.27 69.271 69.27s69.271-31.075 69.271-69.271-31.075-69.27-69.271-69.27z"
        fill="currentColor"
        style={Object {}}
      />
    </svg>
  </button>,
  "",
]
`;

exports[`HelpButton as an internal user (opened) matches the last accepted snapshot 1`] = `
Array [
  <div
    className="jsx-327948841"
    id="help-bubble"
  >
    <ul
      className="jsx-327948841"
    >
      <li
        className="jsx-327948841"
      >
        <span
          aria-hidden="true"
          className="jsx-327948841"
          role="img"
        >
          üëã
        </span>
        <a
          href="#"
        >
          Need to report a problem to the development team?
        </a>
      </li>
      <li
        className="jsx-327948841"
      >
        OR
      </li>
      <li
        className="jsx-327948841"
      >
        <span
          aria-hidden="true"
          className="jsx-327948841"
          role="img"
        >
          üìñ
        </span>
        <a
          href="https://github.com/bcgov/cas-ciip-portal/blob/master/docs/admin-analyst-guide.md"
          rel="noopener noreferrer"
          target="_blank"
        >
          Looking for help documentation?
        </a>
      </li>
    </ul>
    <span
      className="jsx-327948841 triangle"
    >
      ‚ó•
    </span>
  </div>,
  <button
    aria-label="Click for help options"
    className="jsx-327948841"
    id="help-button"
    onClick={[Function]}
    type="button"
  >
    <svg
      aria-hidden="true"
      className="svg-inline--fa fa-times fa-w-11 fa-lg "
      color="white"
      data-icon="times"
      data-prefix="fas"
      focusable="false"
      role="img"
      style={Object {}}
      viewBox="0 0 352 512"
      xmlns="http://www.w3.org/2000/svg"
    >
      <path
        d="M242.72 256l100.07-100.07c12.28-12.28 12.28-32.19 0-44.48l-22.24-22.24c-12.28-12.28-32.19-12.28-44.48 0L176 189.28 75.93 89.21c-12.28-12.28-32.19-12.28-44.48 0L9.21 111.45c-12.28 12.28-12.28 32.19 0 44.48L109.28 256 9.21 356.07c-12.28 12.28-12.28 32.19 0 44.48l22.24 22.24c12.28 12.28 32.2 12.28 44.48 0L176 322.72l100.07 100.07c12.28 12.28 32.2 12.28 44.48 0l22.24-22.24c12.28-12.28 12.28-32.19 0-44.48L242.72 256z"
        fill="currentColor"
        style={Object {}}
      />
    </svg>
  </button>,
  "",
]
`;
