// Jest Snapshot v1, https://goo.gl/fbAQLP

exports[`Storyshots Pages Admin 1`] = `
Array [
  <div
    style={
      Object {
        "position": "relative",
        "zIndex": 0,
      }
    }
  >
    Error
  </div>,
  <button
    className="info__show-button"
    onClick={[Function]}
    style={
      Object {
        "background": "#027ac5",
        "border": "none",
        "borderRadius": "0 0 0 5px",
        "color": "#fff",
        "cursor": "pointer",
        "display": "block",
        "fontFamily": "sans-serif",
        "fontSize": "12px",
        "padding": "5px 15px",
        "position": "fixed",
        "right": 0,
        "top": 0,
      }
    }
    type="button"
  >
    Show Info
  </button>,
]
`;

exports[`Storyshots Pages Ciip Application Swrs Import 1`] = `
Array [
  <div
    style={
      Object {
        "position": "relative",
        "zIndex": 0,
      }
    }
  >
    Error
  </div>,
  <button
    className="info__show-button"
    onClick={[Function]}
    style={
      Object {
        "background": "#027ac5",
        "border": "none",
        "borderRadius": "0 0 0 5px",
        "color": "#fff",
        "cursor": "pointer",
        "display": "block",
        "fontFamily": "sans-serif",
        "fontSize": "12px",
        "padding": "5px 15px",
        "position": "fixed",
        "right": 0,
        "top": 0,
      }
    }
    type="button"
  >
    Show Info
  </button>,
]
`;

exports[`Storyshots Pages Registration 1`] = `
Array [
  <div
    style={
      Object {
        "position": "relative",
        "zIndex": 0,
      }
    }
  >
    Error
  </div>,
  <button
    className="info__show-button"
    onClick={[Function]}
    style={
      Object {
        "background": "#027ac5",
        "border": "none",
        "borderRadius": "0 0 0 5px",
        "color": "#fff",
        "cursor": "pointer",
        "display": "block",
        "fontFamily": "sans-serif",
        "fontSize": "12px",
        "padding": "5px 15px",
        "position": "fixed",
        "right": 0,
        "top": 0,
      }
    }
    type="button"
  >
    Show Info
  </button>,
]
`;

exports[`Storyshots Pages User Dashboard 1`] = `
Array [
  <div
    style={
      Object {
        "position": "relative",
        "zIndex": 0,
      }
    }
  >
    Error
  </div>,
  <button
    className="info__show-button"
    onClick={[Function]}
    style={
      Object {
        "background": "#027ac5",
        "border": "none",
        "borderRadius": "0 0 0 5px",
        "color": "#fff",
        "cursor": "pointer",
        "display": "block",
        "fontFamily": "sans-serif",
        "fontSize": "12px",
        "padding": "5px 15px",
        "position": "fixed",
        "right": 0,
        "top": 0,
      }
    }
    type="button"
  >
    Show Info
  </button>,
]
`;

exports[`Storyshots Pages User List 1`] = `
Array [
  <div
    style={
      Object {
        "position": "relative",
        "zIndex": 0,
      }
    }
  >
    Error
  </div>,
  <button
    className="info__show-button"
    onClick={[Function]}
    style={
      Object {
        "background": "#027ac5",
        "border": "none",
        "borderRadius": "0 0 0 5px",
        "color": "#fff",
        "cursor": "pointer",
        "display": "block",
        "fontFamily": "sans-serif",
        "fontSize": "12px",
        "padding": "5px 15px",
        "position": "fixed",
        "right": 0,
        "top": 0,
      }
    }
    type="button"
  >
    Show Info
  </button>,
]
`;

exports[`Storyshots Pages User Profile 1`] = `
Array [
  <div
    style={
      Object {
        "position": "relative",
        "zIndex": 0,
      }
    }
  >
    Error
  </div>,
  <button
    className="info__show-button"
    onClick={[Function]}
    style={
      Object {
        "background": "#027ac5",
        "border": "none",
        "borderRadius": "0 0 0 5px",
        "color": "#fff",
        "cursor": "pointer",
        "display": "block",
        "fontFamily": "sans-serif",
        "fontSize": "12px",
        "padding": "5px 15px",
        "position": "fixed",
        "right": 0,
        "top": 0,
      }
    }
    type="button"
  >
    Show Info
  </button>,
]
`;
